// Vitest Snapshot v1, https://vitest.dev/guide/snapshot.html

exports[`Dashboard Page > matches snapshot when data loads 1`] = `
<div>
  <div
    class="min-h-0 flex flex-col gap-4"
  >
    <div
      class="grid grid-cols-1 md:grid-cols-3 gap-4"
    >
      <div
        data-testid="trend-chart"
      />
      <div
        data-testid="conversions-chart"
      />
      <div
        data-testid="time-to-sale-chart"
      />
    </div>
    <div
      class="bg-emerald-900 p-4 shadow-md rounded-md mt-4 min-h-0"
    >
      <div
        class="grid grid-cols-1 lg:grid-cols-3 gap-4 min-h-0"
      >
        <section
          class="lg:col-span-2 min-h-0"
        >
          <select
            data-testid="chart-selector"
          >
            <option
              value="offersPerSalesman"
            >
              Salesman
            </option>
            <option
              value="offersPerCountry"
            >
              Country
            </option>
          </select>
          <div
            data-testid="filter-bar"
          />
          <div
            data-testid="chart-section"
          />
        </section>
        <aside
          class="bg-emerald-950 rounded-md shadow-sm p-2 sm:p-2.5 min-h-0"
        >
          <div
            data-testid="leaderboard"
          />
        </aside>
      </div>
    </div>
  </div>
</div>
`;
